node.exe : npm warn Unknown env config "devdir". This will stop working in the next major version of npm. See `npm 
help npmrc` for supported config options.
At line:1 char:1
+ & "C:\Program Files\nodejs/node.exe" "C:\Program Files\nodejs/node_mo ...
+ ~~~~~~~~~~~~~~~~~~~~~~~~~~~~~~~~~~~~~~~~~~~~~~~~~~~~~~~~~~~~~~~~~~~~~
    + CategoryInfo          : NotSpecified: (npm warn Unknow...config options.:String) [], RemoteException
    + FullyQualifiedErrorId : NativeCommandError
 

> pickleflow@0.1.0 build
> next build

   Γû▓ Next.js 14.1.0
   - Environments: .env.local

   Creating an optimized production build ...
 Γ£ô Compiled successfully
   Linting and checking validity of types ...
   Collecting page data ...
   Generating static pages (0/27) ...

   Generating static pages (6/27) 

   Generating static pages (13/27) 

   Generating static pages (20/27) 

 Γ£ô Generating static pages (27/27) 
   Finalizing page optimization ...
   Collecting build traces ...

Route (app)                                     Size     First Load JS
Γöî Γùï /                                           1.49 kB        92.6 kB
Γö£ Γùï /_not-found                                 882 B          85.2 kB
Γö£ ╬╗ /api/chat/direct                            0 B                0 B
Γö£ ╬╗ /api/chat/global                            0 B                0 B
Γö£ ╬╗ /api/chat/inbox                             0 B                0 B
Γö£ ╬╗ /api/chat/notifications                     0 B                0 B
Γö£ ╬╗ /api/events                                 0 B                0 B
Γö£ ╬╗ /api/events/[id]                            0 B                0 B
Γö£ ╬╗ /api/events/[id]/court                      0 B                0 B
Γö£ ╬╗ /api/events/[id]/end                        0 B                0 B
Γö£ ╬╗ /api/events/[id]/end-match                  0 B                0 B
Γö£ ╬╗ /api/events/[id]/live-match                 0 B                0 B
Γö£ ╬╗ /api/events/[id]/pairs                      0 B                0 B
Γö£ ╬╗ /api/events/[id]/pending-match              0 B                0 B
Γö£ ╬╗ /api/events/[id]/players                    0 B                0 B
Γö£ ╬╗ /api/events/[id]/process                    0 B                0 B
Γö£ ╬╗ /api/events/[id]/register                   0 B                0 B
Γö£ ╬╗ /api/events/[id]/seed-sample-players        0 B                0 B
Γö£ ╬╗ /api/events/[id]/tournament/divisions       0 B                0 B
Γö£ ╬╗ /api/events/[id]/tournament/knockout/start  0 B                0 B
Γö£ ╬╗ /api/events/[id]/tournament/match           0 B                0 B
Γö£ ╬╗ /api/events/[id]/tournament/setup           0 B                0 B
Γö£ ╬╗ /api/events/[id]/tournament/tier-order      0 B                0 B
Γö£ ╬╗ /api/events/ended                           0 B                0 B
Γö£ ╬╗ /api/events/import                          0 B                0 B
Γö£ ╬╗ /api/players                                0 B                0 B
Γö£ ╬╗ /api/players/[id]                           0 B                0 B
Γö£ ╬╗ /api/players/lookup                         0 B                0 B
Γö£ ╬╗ /api/players/me                             0 B                0 B
Γö£ ╬╗ /api/stats/leaderboard                      0 B                0 B
Γö£ ╬╗ /api/stats/player                           0 B                0 B
Γö£ Γùï /create-event                               6.37 kB         112 kB
Γö£ Γùï /dashboard                                  5.72 kB         120 kB
Γö£ ╬╗ /events/[id]                                38.6 kB         149 kB
Γö£ Γùï /login                                      1.74 kB         154 kB
Γö£ Γùï /messages                                   3.1 kB           98 kB
Γö£ Γùï /open-play                                  3.08 kB        94.2 kB
Γö£ Γùï /players                                    2.21 kB        97.1 kB
Γö£ ╬╗ /players/[id]                               2.98 kB        97.8 kB
Γö£ Γùï /profile                                    5.19 kB         100 kB
Γö£ Γùï /register                                   2.31 kB         169 kB
Γö£ Γùï /settings                                   2.04 kB        96.9 kB
Γö£ Γùï /tournament                                 3.08 kB        94.2 kB
Γöö Γùï /tournaments                                137 B          84.4 kB
+ First Load JS shared by all                   84.3 kB
  Γö£ chunks/69-c7536d795e54aa86.js               28.9 kB
  Γö£ chunks/fd9d1056-37e869881e4440af.js         53.4 kB
  Γöö other shared chunks (total)                 2.02 kB


Γùï  (Static)   prerendered as static content
╬╗  (Dynamic)  server-rendered on demand using Node.js

